exports[`<FilterLinks /> renders correctly 1`] = `
<p>
  Show:
   
  , 
  , 
</p>
`;
