exports[`<Home /> renders correctly 1`] = `
<div>
  <h1>
    Home
  </h1>
  <nav>
    <a
      onClick={[Function bound handleClick]}
      style={
        Object {
          "display": "block"
        }
      }>
      Welcome to Meteor
    </a>
  </nav>
</div>
`;
