exports[`<Button /> renders correctly 1`] = `
<button
  onClick={[Function onClick]}>
  My Label
</button>
`;
