exports[`<TodoFilterLink /> renders correctly 1`] = `
<a
  href="#"
  onClick={[Function anonymous]}>
  Test
</a>
`;

exports[`<TodoFilterLink /> renders correctly when active 1`] = `
<span>
  Test
</span>
`;
