exports[`<TodoApp /> renders correctly 1`] = `
<div>
  <p>
    Show:
     
    , 
    , 
  </p>
</div>
`;
