exports[`<Button /> renders correctly 1`] = `
<button
  onClick={[Function anonymous]}>
  My Label
</button>
`;
