exports[`Container(<Hello />) updates counter 1`] = `
<div>
  <button
    onClick={[Function onClick]}>
    Click Me
  </button>
  <p>
    You\'ve pressed the button 
    0
     times.
  </p>
</div>
`;

exports[`Container(<Hello />) updates counter 2`] = `
<div>
  <button
    onClick={[Function onClick]}>
    Click Me
  </button>
  <p>
    You\'ve pressed the button 
    1
     times.
  </p>
</div>
`;
