exports[`<App /> renders correctly 1`] = `
<div>
  <div>
    Test
  </div>
</div>
`;
